// Jest Snapshot v1, https://goo.gl/fbAQLP

exports[`AmfDateText without validation 1`] = `
<View>
  <View
    style={null}
  >
    <Text
      accessible={true}
      allowFontScaling={true}
      disabled={false}
      ellipsizeMode="tail"
      style={
        Object {
          "color": "#454545",
          "marginRight": 16,
        }
      }
    >
      Label
    </Text>
    <View
      style={
        Array [
          Object {
            "alignItems": "center",
            "flexDirection": "row",
            "padding": 8,
          },
          Object {},
        ]
      }
    >
      <View>
        <View
          style={
            Object {
              "alignItems": "center",
              "flexDirection": "row",
            }
          }
        >
          <View
            animated={true}
            defaultIndex={-1}
            defaultValue="Please select..."
            disabled={false}
            dropdownStyle={
              Array [
                Object {
                  "elevation": 4,
                  "height": 150,
                  "padding": 8,
                  "width": 100,
                },
                undefined,
              ]
            }
            keyboardShouldPersistTaps="never"
            onDropdownWillHide={[Function]}
            onDropdownWillShow={[Function]}
            onSelect={[Function]}
            options={
              Array [
                "01",
                "02",
                "03",
                "04",
                "05",
                "06",
                "07",
                "08",
                "09",
                "10",
                "11",
                "12",
                "13",
                "14",
                "15",
                "16",
                "17",
                "18",
                "19",
                "20",
                "21",
                "22",
                "23",
                "24",
                "25",
                "26",
                "27",
                "28",
                "29",
                "30",
                "31",
              ]
            }
            showsVerticalScrollIndicator={true}
            style={
              Array [
                Object {
                  "backgroundColor": "white",
                  "borderColor": "transparent",
                  "borderRadius": 25,
                  "borderWidth": 1,
                  "elevation": 4,
                  "justifyContent": "center",
                },
                undefined,
                Object {},
              ]
            }
          >
            <View
              accessibilityComponentType={undefined}
              accessibilityLabel={undefined}
              accessibilityTraits={undefined}
              accessible={true}
              collapsable={undefined}
              hitSlop={undefined}
              isTVSelectable={true}
              nativeID={undefined}
              onLayout={undefined}
              onResponderGrant={[Function]}
              onResponderMove={[Function]}
              onResponderRelease={[Function]}
              onResponderTerminate={[Function]}
              onResponderTerminationRequest={[Function]}
              onStartShouldSetResponder={[Function]}
              style={
                Object {
                  "opacity": 1,
                }
              }
              testID={undefined}
              tvParallaxProperties={undefined}
            >
              <View
                style={
                  Array [
                    Object {
                      "alignItems": "center",
                      "flexDirection": "row",
                      "height": 30,
                      "justifyContent": "center",
                    },
                    Object {
                      "width": 50,
                    },
                  ]
                }
              >
                <Text
                  accessible={true}
                  allowFontScaling={true}
                  disabled={false}
                  ellipsizeMode="tail"
                  style={
                    Object {
                      "textAlign": "center",
                    }
                  }
                >
                  DD
                </Text>
              </View>
            </View>
          </View>
        </View>
      </View>
      <Text
        accessible={true}
        allowFontScaling={true}
        disabled={false}
        ellipsizeMode="tail"
        style={
          Object {
            "color": "#9B9B9B",
            "fontSize": 20,
            "marginHorizontal": 4,
          }
        }
      >
        /
      </Text>
      <View>
        <View
          style={
            Object {
              "alignItems": "center",
              "flexDirection": "row",
            }
          }
        >
          <View
            animated={true}
            defaultIndex={-1}
            defaultValue="Please select..."
            disabled={false}
            dropdownStyle={
              Array [
                Object {
                  "elevation": 4,
                  "height": 150,
                  "padding": 8,
                  "width": 100,
                },
                undefined,
              ]
            }
            keyboardShouldPersistTaps="never"
            onDropdownWillHide={[Function]}
            onDropdownWillShow={[Function]}
            onSelect={[Function]}
            options={
              Array [
                "Jan",
                "Feb",
                "Mar",
                "Apr",
                "Mei",
                "Jun",
                "Jul",
                "Ags",
                "Sep",
                "Okt",
                "Nov",
                "Des",
              ]
            }
            showsVerticalScrollIndicator={true}
            style={
              Array [
                Object {
                  "backgroundColor": "white",
                  "borderColor": "transparent",
                  "borderRadius": 25,
                  "borderWidth": 1,
                  "elevation": 4,
                  "justifyContent": "center",
                },
                undefined,
                Object {},
              ]
            }
          >
            <View
              accessibilityComponentType={undefined}
              accessibilityLabel={undefined}
              accessibilityTraits={undefined}
              accessible={true}
              collapsable={undefined}
              hitSlop={undefined}
              isTVSelectable={true}
              nativeID={undefined}
              onLayout={undefined}
              onResponderGrant={[Function]}
              onResponderMove={[Function]}
              onResponderRelease={[Function]}
              onResponderTerminate={[Function]}
              onResponderTerminationRequest={[Function]}
              onStartShouldSetResponder={[Function]}
              style={
                Object {
                  "opacity": 1,
                }
              }
              testID={undefined}
              tvParallaxProperties={undefined}
            >
              <View
                style={
                  Array [
                    Object {
                      "alignItems": "center",
                      "flexDirection": "row",
                      "height": 30,
                      "justifyContent": "center",
                    },
                    Object {
                      "width": 50,
                    },
                  ]
                }
              >
                <Text
                  accessible={true}
                  allowFontScaling={true}
                  disabled={false}
                  ellipsizeMode="tail"
                  style={
                    Object {
                      "textAlign": "center",
                    }
                  }
                >
                  MM
                </Text>
              </View>
            </View>
          </View>
        </View>
      </View>
      <Text
        accessible={true}
        allowFontScaling={true}
        disabled={false}
        ellipsizeMode="tail"
        style={
          Object {
            "color": "#9B9B9B",
            "fontSize": 20,
            "marginHorizontal": 4,
          }
        }
      >
        /
      </Text>
      <View>
        <View
          style={
            Object {
              "alignItems": "center",
              "flexDirection": "row",
            }
          }
        >
          <View
            animated={true}
            defaultIndex={-1}
            defaultValue="Please select..."
            disabled={false}
            dropdownStyle={
              Array [
                Object {
                  "elevation": 4,
                  "height": 150,
                  "padding": 8,
                  "width": 100,
                },
                undefined,
              ]
            }
            keyboardShouldPersistTaps="never"
            onDropdownWillHide={[Function]}
            onDropdownWillShow={[Function]}
            onSelect={[Function]}
            options={
              Array [
                "1940",
                "1941",
                "1942",
                "1943",
                "1944",
                "1945",
                "1946",
                "1947",
                "1948",
                "1949",
                "1950",
                "1951",
                "1952",
                "1953",
                "1954",
                "1955",
                "1956",
                "1957",
                "1958",
                "1959",
                "1960",
                "1961",
                "1962",
                "1963",
                "1964",
                "1965",
                "1966",
                "1967",
                "1968",
                "1969",
                "1970",
                "1971",
                "1972",
                "1973",
                "1974",
                "1975",
                "1976",
                "1977",
                "1978",
                "1979",
                "1980",
                "1981",
                "1982",
                "1983",
                "1984",
                "1985",
                "1986",
                "1987",
                "1988",
                "1989",
                "1990",
                "1991",
                "1992",
                "1993",
                "1994",
                "1995",
                "1996",
                "1997",
                "1998",
                "1999",
                "2000",
                "2001",
                "2002",
                "2003",
                "2004",
                "2005",
                "2006",
                "2007",
                "2008",
                "2009",
                "2010",
                "2011",
                "2012",
                "2013",
                "2014",
                "2015",
                "2016",
                "2017",
              ]
            }
            showsVerticalScrollIndicator={true}
            style={
              Array [
                Object {
                  "backgroundColor": "white",
                  "borderColor": "transparent",
                  "borderRadius": 25,
                  "borderWidth": 1,
                  "elevation": 4,
                  "justifyContent": "center",
                },
                undefined,
                Object {},
              ]
            }
          >
            <View
              accessibilityComponentType={undefined}
              accessibilityLabel={undefined}
              accessibilityTraits={undefined}
              accessible={true}
              collapsable={undefined}
              hitSlop={undefined}
              isTVSelectable={true}
              nativeID={undefined}
              onLayout={undefined}
              onResponderGrant={[Function]}
              onResponderMove={[Function]}
              onResponderRelease={[Function]}
              onResponderTerminate={[Function]}
              onResponderTerminationRequest={[Function]}
              onStartShouldSetResponder={[Function]}
              style={
                Object {
                  "opacity": 1,
                }
              }
              testID={undefined}
              tvParallaxProperties={undefined}
            >
              <View
                style={
                  Array [
                    Object {
                      "alignItems": "center",
                      "flexDirection": "row",
                      "height": 30,
                      "justifyContent": "center",
                    },
                    Object {
                      "width": 70,
                    },
                  ]
                }
              >
                <Text
                  accessible={true}
                  allowFontScaling={true}
                  disabled={false}
                  ellipsizeMode="tail"
                  style={
                    Object {
                      "textAlign": "center",
                    }
                  }
                >
                  YYYY
                </Text>
              </View>
            </View>
          </View>
        </View>
      </View>
    </View>
  </View>
</View>
`;
