// Jest Snapshot v1, https://goo.gl/fbAQLP

exports[`AmfRadioButtonVertical simple render 1`] = `
<View>
  <Text
    accessible={true}
    allowFontScaling={true}
    disabled={false}
    ellipsizeMode="tail"
    style={
      Object {
        "color": "#454545",
        "marginBottom": 8,
        "marginRight": 16,
      }
    }
  >
    Label
  </Text>
  <View
    style={
      Array [
        undefined,
        Object {
          "alignItems": "flex-start",
        },
        false,
      ]
    }
  >
    <View>
      <View
        style={
          Array [
            Object {
              "alignItems": "center",
              "alignSelf": "center",
              "flexDirection": "row",
              "marginBottom": 5,
            },
            undefined,
            false,
          ]
        }
      >
        <View
          style={
            Object {
              "marginLeft": 10,
            }
          }
        >
          <View
            accessibilityComponentType={undefined}
            accessibilityLabel={undefined}
            accessibilityTraits={undefined}
            accessible={true}
            collapsable={undefined}
            hitSlop={undefined}
            isTVSelectable={true}
            nativeID={undefined}
            onLayout={undefined}
            onResponderGrant={[Function]}
            onResponderMove={[Function]}
            onResponderRelease={[Function]}
            onResponderTerminate={[Function]}
            onResponderTerminationRequest={[Function]}
            onStartShouldSetResponder={[Function]}
            style={
              Object {
                "alignItems": "center",
                "alignSelf": "center",
                "borderColor": "#000000",
                "borderRadius": 12,
                "borderWidth": 1,
                "height": 24,
                "justifyContent": "center",
                "opacity": 1,
                "width": 24,
              }
            }
            testID={undefined}
            tvParallaxProperties={undefined}
          >
            <View
              style={
                Array [
                  Object {
                    "borderRadius": 10,
                  },
                  false,
                  false,
                  false,
                ]
              }
            />
          </View>
        </View>
        <View
          accessibilityComponentType={undefined}
          accessibilityLabel={undefined}
          accessibilityTraits={undefined}
          accessible={true}
          hitSlop={undefined}
          nativeID={undefined}
          onLayout={undefined}
          onResponderGrant={[Function]}
          onResponderMove={[Function]}
          onResponderRelease={[Function]}
          onResponderTerminate={[Function]}
          onResponderTerminationRequest={[Function]}
          onStartShouldSetResponder={[Function]}
          style={
            Array [
              Object {
                "flex": 1,
                "flexWrap": "wrap",
              },
              Object {
                "alignItems": "center",
                "alignSelf": "center",
                "flexDirection": "row",
              },
            ]
          }
          testID={undefined}
        >
          <Text
            accessible={true}
            allowFontScaling={true}
            disabled={false}
            ellipsizeMode="tail"
            style={
              Array [
                Object {
                  "lineHeight": 20,
                  "paddingLeft": 10,
                },
                false,
                Object {
                  "color": undefined,
                },
                Object {},
              ]
            }
          >
            Label1
          </Text>
        </View>
      </View>
    </View>
    <View>
      <View
        style={
          Array [
            Object {
              "alignItems": "center",
              "alignSelf": "center",
              "flexDirection": "row",
              "marginBottom": 5,
            },
            undefined,
            false,
          ]
        }
      >
        <View
          style={
            Object {
              "marginLeft": 10,
            }
          }
        >
          <View
            accessibilityComponentType={undefined}
            accessibilityLabel={undefined}
            accessibilityTraits={undefined}
            accessible={true}
            collapsable={undefined}
            hitSlop={undefined}
            isTVSelectable={true}
            nativeID={undefined}
            onLayout={undefined}
            onResponderGrant={[Function]}
            onResponderMove={[Function]}
            onResponderRelease={[Function]}
            onResponderTerminate={[Function]}
            onResponderTerminationRequest={[Function]}
            onStartShouldSetResponder={[Function]}
            style={
              Object {
                "alignItems": "center",
                "alignSelf": "center",
                "borderColor": "#000000",
                "borderRadius": 12,
                "borderWidth": 1,
                "height": 24,
                "justifyContent": "center",
                "opacity": 1,
                "width": 24,
              }
            }
            testID={undefined}
            tvParallaxProperties={undefined}
          >
            <View
              style={
                Array [
                  Object {
                    "borderRadius": 10,
                  },
                  false,
                  false,
                  false,
                ]
              }
            />
          </View>
        </View>
        <View
          accessibilityComponentType={undefined}
          accessibilityLabel={undefined}
          accessibilityTraits={undefined}
          accessible={true}
          hitSlop={undefined}
          nativeID={undefined}
          onLayout={undefined}
          onResponderGrant={[Function]}
          onResponderMove={[Function]}
          onResponderRelease={[Function]}
          onResponderTerminate={[Function]}
          onResponderTerminationRequest={[Function]}
          onStartShouldSetResponder={[Function]}
          style={
            Array [
              Object {
                "flex": 1,
                "flexWrap": "wrap",
              },
              Object {
                "alignItems": "center",
                "alignSelf": "center",
                "flexDirection": "row",
              },
            ]
          }
          testID={undefined}
        >
          <Text
            accessible={true}
            allowFontScaling={true}
            disabled={false}
            ellipsizeMode="tail"
            style={
              Array [
                Object {
                  "lineHeight": 20,
                  "paddingLeft": 10,
                },
                false,
                Object {
                  "color": undefined,
                },
                Object {},
              ]
            }
          >
            Label2
          </Text>
        </View>
      </View>
    </View>
  </View>
</View>
`;

exports[`AmfRadioButtonVertical without options 1`] = `"Field \\"Label\\" (AmfRadioButton) doesnt have options"`;
